
==================================================
Refresh started: Thu 07/16/2026 14:33:52.95
Traceback (most recent call last):
  File "C:\Users\suzan\Downloads\MOP\scripts\load_to_postgres.py", line 6, in <module>
    from config import DB_HOST, DB_PORT, DB_NAME, DB_USER, DB_PASSWORD
ModuleNotFoundError: No module named 'config'
Refresh FAILED with exit code 1: Thu 07/16/2026 14:33:54.53

==================================================
Refresh started: Thu 07/16/2026 14:36:28.12
Loaded 81 rows into public.shell_recycling_dashboard
Refresh completed successfully: Thu 07/16/2026 14:36:31.78

==================================================
Refresh started: Thu 07/16/2026 15:28:54.12
Loaded 81 rows into public.shell_recycling_dashboard
Refresh completed successfully: Thu 07/16/2026 15:28:56.20

==================================================
Refresh started: Thu 07/16/2026 15:29:07.86
Loaded 81 rows into public.shell_recycling_dashboard
Refresh completed successfully: Thu 07/16/2026 15:29:09.78

==================================================
Refresh started: Thu 07/16/2026 15:31:34.68
Loaded 81 rows into public.shell_recycling_dashboard
Refresh completed successfully: Thu 07/16/2026 15:31:36.61

==================================================
Refresh started: Thu 07/23/2026 11:52:45.70
Loaded 81 rows into public.shell_recycling_dashboard
Refresh completed successfully: Thu 07/23/2026 11:53:03.21

==================================================
Refresh started: Sun 07/26/2026 23:47:16.70
Loaded 81 rows into public.shell_recycling_dashboard
Refresh completed successfully: Sun 07/26/2026 23:47:40.19

==================================================
Refresh started: Sun 08/02/2026 23:28:01.06
Loaded 81 rows into public.shell_recycling_dashboard
Refresh completed successfully: Sun 08/02/2026 23:28:26.97
